src/components/editor/RichTextEditor.tsx(1,10): error TS6133: 'useCallback' is declared but its value is never read.
src/components/editor/RichTextEditor.tsx(87,52): error TS2554: Expected 1-2 arguments, but got 3.
src/components/editor/RichTextEditor.tsx(100,45): error TS2559: Type 'false' has no properties in common with type 'SetContentOptions'.
